This file contains any messages produced by compilers while
running configure, to aid debugging if configure makes a mistake.

It was created by Nbody6++ configure 1.0, which was
generated by GNU Autoconf 2.71.  Invocation command line was

  $ ./configure --with-par=b1m --enable-mcmodel=large --disable-mpi --disable-gpu

## --------- ##
## Platform. ##
## --------- ##

hostname = runnervmymu0l
uname -m = x86_64
uname -r = 6.11.0-1018-azure
uname -s = Linux
uname -v = #18~24.04.1-Ubuntu SMP Sat Jun 28 04:46:03 UTC 2025

/usr/bin/uname -p = x86_64
/bin/uname -X     = unknown

/bin/arch              = x86_64
/usr/bin/arch -k       = unknown
/usr/convex/getsysinfo = unknown
/usr/bin/hostinfo      = unknown
/bin/machine           = unknown
/usr/bin/oslevel       = unknown
/bin/universe          = unknown

PATH: /snap/bin/
PATH: /home/runner/.local/bin/
PATH: /opt/pipx_bin/
PATH: /home/runner/.cargo/bin/
PATH: /home/runner/.config/composer/vendor/bin/
PATH: /usr/local/.ghcup/bin/
PATH: /home/runner/.dotnet/tools/
PATH: /usr/local/sbin/
PATH: /usr/local/bin/
PATH: /usr/sbin/
PATH: /usr/bin/
PATH: /sbin/
PATH: /bin/
PATH: /usr/games/
PATH: /usr/local/games/
PATH: /snap/bin/


## ----------- ##
## Core tests. ##
## ----------- ##

configure:2769: looking for aux files: config.guess config.sub
configure:2782:  trying ./
configure:2811:   ./config.guess found
configure:2811:   ./config.sub found
configure:2932: checking build system type
configure:2947: result: x86_64-pc-linux-gnu
configure:2967: checking host system type
configure:2981: result: x86_64-pc-linux-gnu
configure:3250: checking for gfortran
configure:3271: found /usr/bin/gfortran
configure:3282: result: gfortran
configure:3308: checking for Fortran compiler version
configure:3317: gfortran --version >&5
GNU Fortran (Ubuntu 13.3.0-6ubuntu2~24.04) 13.3.0
Copyright (C) 2023 Free Software Foundation, Inc.
This is free software; see the source for copying conditions.  There is NO
warranty; not even for MERCHANTABILITY or FITNESS FOR A PARTICULAR PURPOSE.

configure:3328: $? = 0
configure:3317: gfortran -v >&5
Using built-in specs.
COLLECT_GCC=gfortran
COLLECT_LTO_WRAPPER=/usr/libexec/gcc/x86_64-linux-gnu/13/lto-wrapper
OFFLOAD_TARGET_NAMES=nvptx-none:amdgcn-amdhsa
OFFLOAD_TARGET_DEFAULT=1
Target: x86_64-linux-gnu
Configured with: ../src/configure -v --with-pkgversion='Ubuntu 13.3.0-6ubuntu2~24.04' --with-bugurl=file:///usr/share/doc/gcc-13/README.Bugs --enable-languages=c,ada,c++,go,d,fortran,objc,obj-c++,m2 --prefix=/usr --with-gcc-major-version-only --program-suffix=-13 --program-prefix=x86_64-linux-gnu- --enable-shared --enable-linker-build-id --libexecdir=/usr/libexec --without-included-gettext --enable-threads=posix --libdir=/usr/lib --enable-nls --enable-bootstrap --enable-clocale=gnu --enable-libstdcxx-debug --enable-libstdcxx-time=yes --with-default-libstdcxx-abi=new --enable-libstdcxx-backtrace --enable-gnu-unique-object --disable-vtable-verify --enable-plugin --enable-default-pie --with-system-zlib --enable-libphobos-checking=release --with-target-system-zlib=auto --enable-objc-gc=auto --enable-multiarch --disable-werror --enable-cet --with-arch-32=i686 --with-abi=m64 --with-multilib-list=m32,m64,mx32 --enable-multilib --with-tune=generic --enable-offload-targets=nvptx-none=/build/gcc-13-fG75Ri/gcc-13-13.3.0/debian/tmp-nvptx/usr,amdgcn-amdhsa=/build/gcc-13-fG75Ri/gcc-13-13.3.0/debian/tmp-gcn/usr --enable-offload-defaulted --without-cuda-driver --enable-checking=release --build=x86_64-linux-gnu --host=x86_64-linux-gnu --target=x86_64-linux-gnu --with-build-config=bootstrap-lto-lean --enable-link-serialization=2
Thread model: posix
Supported LTO compression algorithms: zlib zstd
gcc version 13.3.0 (Ubuntu 13.3.0-6ubuntu2~24.04) 
... rest of stderr output deleted ...
configure:3328: $? = 0
configure:3317: gfortran -V >&5
gfortran: error: unrecognized command-line option '-V'
gfortran: fatal error: no input files
compilation terminated.
configure:3328: $? = 1
configure:3317: gfortran -qversion >&5
gfortran: error: unrecognized command-line option '-qversion'; did you mean '--version'?
gfortran: fatal error: no input files
compilation terminated.
configure:3328: $? = 1
configure:3343: checking whether the Fortran compiler works
configure:3365: gfortran    conftest.f  >&5
configure:3369: $? = 0
configure:3419: result: yes
configure:3422: checking for Fortran compiler default output file name
configure:3424: result: a.out
configure:3430: checking for suffix of executables
configure:3437: gfortran -o conftest    conftest.f  >&5
configure:3441: $? = 0
configure:3464: result: 
configure:3480: checking whether we are cross compiling
configure:3488: gfortran -o conftest    conftest.f  >&5
configure:3492: $? = 0
configure:3499: ./conftest
configure:3503: $? = 0
configure:3518: result: no
configure:3523: checking for suffix of object files
configure:3540: gfortran -c   conftest.f >&5
configure:3544: $? = 0
configure:3566: result: o
configure:3574: checking whether the compiler supports GNU Fortran
configure:3588: gfortran -c   conftest.F >&5
configure:3588: $? = 0
configure:3598: result: yes
configure:3606: checking whether gfortran accepts -g
configure:3618: gfortran -c -g  conftest.f >&5
configure:3618: $? = 0
configure:3627: result: yes
configure:3971: checking whether Fortran compiler accepts -fPIC
configure:3985: gfortran -c  -I../extra_inc/nompi -O3  -fPIC  conftest.f >&5
f951: Warning: Nonexistent include directory '../extra_inc/nompi' [-Wmissing-include-dirs]
configure:3985: $? = 0
configure:3994: result: yes
configure:4040: checking whether Fortran compiler accepts -mcmodel=large
configure:4054: gfortran -c  -I../extra_inc/nompi -O3 -fPIC  -mcmodel=large  conftest.f >&5
f951: Warning: Nonexistent include directory '../extra_inc/nompi' [-Wmissing-include-dirs]
configure:4054: $? = 0
configure:4064: result: yes
configure:4089: checking for gfortran option to support OpenMP
configure:4111: gfortran -c  -I../extra_inc/nompi -O3 -fPIC -mcmodel=large   conftest.f >&5
f951: Warning: Nonexistent include directory '../extra_inc/nompi' [-Wmissing-include-dirs]
conftest.f:5:9:

    5 |       tid = 42
      |         1
Error: Symbol 'tid' at (1) has no IMPLICIT type
configure:4111: $? = 1
configure: failed program was:
| 
|       program main
|       implicit none
| !$    integer tid
|       tid = 42
|       call omp_set_num_threads(2)
|       end
| 
configure:4111: gfortran -c  -I../extra_inc/nompi -O3 -fPIC -mcmodel=large -fopenmp  conftest.f >&5
f951: Warning: Nonexistent include directory '../extra_inc/nompi' [-Wmissing-include-dirs]
configure:4111: $? = 0
configure:4123: gfortran -o conftest  -I../extra_inc/nompi -O3 -fPIC -mcmodel=large -fopenmp   conftest.f  >&5
f951: Warning: Nonexistent include directory '../extra_inc/nompi' [-Wmissing-include-dirs]
configure:4123: $? = 0
configure:4146: result: -fopenmp
configure:4274: checking for g++
configure:4295: found /usr/bin/g++
configure:4306: result: g++
configure:4333: checking for C++ compiler version
configure:4342: g++ --version >&5
g++ (Ubuntu 13.3.0-6ubuntu2~24.04) 13.3.0
Copyright (C) 2023 Free Software Foundation, Inc.
This is free software; see the source for copying conditions.  There is NO
warranty; not even for MERCHANTABILITY or FITNESS FOR A PARTICULAR PURPOSE.

configure:4353: $? = 0
configure:4342: g++ -v >&5
Using built-in specs.
COLLECT_GCC=g++
COLLECT_LTO_WRAPPER=/usr/libexec/gcc/x86_64-linux-gnu/13/lto-wrapper
OFFLOAD_TARGET_NAMES=nvptx-none:amdgcn-amdhsa
OFFLOAD_TARGET_DEFAULT=1
Target: x86_64-linux-gnu
Configured with: ../src/configure -v --with-pkgversion='Ubuntu 13.3.0-6ubuntu2~24.04' --with-bugurl=file:///usr/share/doc/gcc-13/README.Bugs --enable-languages=c,ada,c++,go,d,fortran,objc,obj-c++,m2 --prefix=/usr --with-gcc-major-version-only --program-suffix=-13 --program-prefix=x86_64-linux-gnu- --enable-shared --enable-linker-build-id --libexecdir=/usr/libexec --without-included-gettext --enable-threads=posix --libdir=/usr/lib --enable-nls --enable-bootstrap --enable-clocale=gnu --enable-libstdcxx-debug --enable-libstdcxx-time=yes --with-default-libstdcxx-abi=new --enable-libstdcxx-backtrace --enable-gnu-unique-object --disable-vtable-verify --enable-plugin --enable-default-pie --with-system-zlib --enable-libphobos-checking=release --with-target-system-zlib=auto --enable-objc-gc=auto --enable-multiarch --disable-werror --enable-cet --with-arch-32=i686 --with-abi=m64 --with-multilib-list=m32,m64,mx32 --enable-multilib --with-tune=generic --enable-offload-targets=nvptx-none=/build/gcc-13-fG75Ri/gcc-13-13.3.0/debian/tmp-nvptx/usr,amdgcn-amdhsa=/build/gcc-13-fG75Ri/gcc-13-13.3.0/debian/tmp-gcn/usr --enable-offload-defaulted --without-cuda-driver --enable-checking=release --build=x86_64-linux-gnu --host=x86_64-linux-gnu --target=x86_64-linux-gnu --with-build-config=bootstrap-lto-lean --enable-link-serialization=2
Thread model: posix
Supported LTO compression algorithms: zlib zstd
gcc version 13.3.0 (Ubuntu 13.3.0-6ubuntu2~24.04) 
... rest of stderr output deleted ...
configure:4353: $? = 0
configure:4342: g++ -V >&5
g++: error: unrecognized command-line option '-V'
g++: fatal error: no input files
compilation terminated.
configure:4353: $? = 1
configure:4342: g++ -qversion >&5
g++: error: unrecognized command-line option '-qversion'; did you mean '--version'?
g++: fatal error: no input files
compilation terminated.
configure:4353: $? = 1
configure:4357: checking whether the compiler supports GNU C++
configure:4377: g++ -c   conftest.cpp >&5
configure:4377: $? = 0
configure:4387: result: yes
configure:4398: checking whether g++ accepts -g
configure:4419: g++ -c -g  conftest.cpp >&5
configure:4419: $? = 0
configure:4463: result: yes
configure:4483: checking for g++ option to enable C++11 features
configure:4498: g++  -c -g -O2  conftest.cpp >&5
conftest.cpp: In function 'int main(int, char**)':
conftest.cpp:175:25: warning: empty parentheses were disambiguated as a function declaration [-Wvexing-parse]
  175 |   cxx11test::delegate d2();
      |                         ^~
conftest.cpp:175:25: note: remove parentheses to default-initialize a variable
  175 |   cxx11test::delegate d2();
      |                         ^~
      |                         --
conftest.cpp:175:25: note: or replace parentheses with braces to value-initialize a variable
configure:4498: $? = 0
configure:4516: result: none needed
configure:4642: checking for gcc
configure:4663: found /usr/bin/gcc
configure:4674: result: gcc
configure:5027: checking for C compiler version
configure:5036: gcc --version >&5
gcc (Ubuntu 13.3.0-6ubuntu2~24.04) 13.3.0
Copyright (C) 2023 Free Software Foundation, Inc.
This is free software; see the source for copying conditions.  There is NO
warranty; not even for MERCHANTABILITY or FITNESS FOR A PARTICULAR PURPOSE.

configure:5047: $? = 0
configure:5036: gcc -v >&5
Using built-in specs.
COLLECT_GCC=gcc
COLLECT_LTO_WRAPPER=/usr/libexec/gcc/x86_64-linux-gnu/13/lto-wrapper
OFFLOAD_TARGET_NAMES=nvptx-none:amdgcn-amdhsa
OFFLOAD_TARGET_DEFAULT=1
Target: x86_64-linux-gnu
Configured with: ../src/configure -v --with-pkgversion='Ubuntu 13.3.0-6ubuntu2~24.04' --with-bugurl=file:///usr/share/doc/gcc-13/README.Bugs --enable-languages=c,ada,c++,go,d,fortran,objc,obj-c++,m2 --prefix=/usr --with-gcc-major-version-only --program-suffix=-13 --program-prefix=x86_64-linux-gnu- --enable-shared --enable-linker-build-id --libexecdir=/usr/libexec --without-included-gettext --enable-threads=posix --libdir=/usr/lib --enable-nls --enable-bootstrap --enable-clocale=gnu --enable-libstdcxx-debug --enable-libstdcxx-time=yes --with-default-libstdcxx-abi=new --enable-libstdcxx-backtrace --enable-gnu-unique-object --disable-vtable-verify --enable-plugin --enable-default-pie --with-system-zlib --enable-libphobos-checking=release --with-target-system-zlib=auto --enable-objc-gc=auto --enable-multiarch --disable-werror --enable-cet --with-arch-32=i686 --with-abi=m64 --with-multilib-list=m32,m64,mx32 --enable-multilib --with-tune=generic --enable-offload-targets=nvptx-none=/build/gcc-13-fG75Ri/gcc-13-13.3.0/debian/tmp-nvptx/usr,amdgcn-amdhsa=/build/gcc-13-fG75Ri/gcc-13-13.3.0/debian/tmp-gcn/usr --enable-offload-defaulted --without-cuda-driver --enable-checking=release --build=x86_64-linux-gnu --host=x86_64-linux-gnu --target=x86_64-linux-gnu --with-build-config=bootstrap-lto-lean --enable-link-serialization=2
Thread model: posix
Supported LTO compression algorithms: zlib zstd
gcc version 13.3.0 (Ubuntu 13.3.0-6ubuntu2~24.04) 
... rest of stderr output deleted ...
configure:5047: $? = 0
configure:5036: gcc -V >&5
gcc: error: unrecognized command-line option '-V'
gcc: fatal error: no input files
compilation terminated.
configure:5047: $? = 1
configure:5036: gcc -qversion >&5
gcc: error: unrecognized command-line option '-qversion'; did you mean '--version'?
gcc: fatal error: no input files
compilation terminated.
configure:5047: $? = 1
configure:5036: gcc -version >&5
gcc: error: unrecognized command-line option '-version'
gcc: fatal error: no input files
compilation terminated.
configure:5047: $? = 1
configure:5051: checking whether the compiler supports GNU C
configure:5071: gcc -c   conftest.c >&5
configure:5071: $? = 0
configure:5081: result: yes
configure:5092: checking whether gcc accepts -g
configure:5113: gcc -c -g  conftest.c >&5
configure:5113: $? = 0
configure:5157: result: yes
configure:5177: checking for gcc option to enable C11 features
configure:5192: gcc  -c -g -O2  conftest.c >&5
configure:5192: $? = 0
configure:5210: result: none needed
configure:5322: checking for main in -lstdc++
configure:5344: g++ -o conftest -g -O2   conftest.cpp -lstdc++   >&5
configure:5344: $? = 0
configure:5354: result: yes
configure:5375: checking for g++ option to support OpenMP
configure:5397: g++ -c  -O3   conftest.cpp >&5
conftest.cpp:11:2: error: #error "OpenMP not supported"
   11 | #error "OpenMP not supported"
      |  ^~~~~
configure:5397: $? = 1
configure: failed program was:
| /* confdefs.h */
| #define PACKAGE_NAME "Nbody6++"
| #define PACKAGE_TARNAME "nbody6--"
| #define PACKAGE_VERSION "1.0"
| #define PACKAGE_STRING "Nbody6++ 1.0"
| #define PACKAGE_BUGREPORT "longwang.astro@gmail.com"
| #define PACKAGE_URL ""
| /* end confdefs.h.  */
| 
| #ifndef _OPENMP
| #error "OpenMP not supported"
| #endif
| #include <omp.h>
| int main (void) { return omp_get_num_threads (); }
| 
configure:5397: g++ -c  -O3 -fopenmp  conftest.cpp >&5
configure:5397: $? = 0
configure:5409: g++ -o conftest  -O3 -fopenmp   conftest.cpp  -lstdc++ >&5
configure:5409: $? = 0
configure:5432: result: -fopenmp
configure:5445: checking whether C++ compiler accepts -march=native
configure:5465: g++ -c  -O3 -fopenmp -I../include  -march=native  conftest.cpp >&5
configure:5465: $? = 0
configure:5474: result: yes
configure:5485: checking whether C++ compiler accepts -fPIC
configure:5505: g++ -c  -O3 -fopenmp -I../include -march=native  -fPIC  conftest.cpp >&5
configure:5505: $? = 0
configure:5514: result: yes
configure:5566: checking whether C++ compiler accepts -mcmodel=large
configure:5586: g++ -c  -O3 -fopenmp -I../include -march=native -fPIC  -mcmodel=large  conftest.cpp >&5
configure:5586: $? = 0
configure:5596: result: yes
configure:5616: checking for "/proc/cpuinfo"
configure:5631: result: yes
configure:5635: checking for grep that handles long lines and -e
configure:5699: result: /usr/bin/grep
configure:5709: checking whether current CPU support avx
configure:5717: result: yes
configure:5724: checking whether C++ compiler accepts -mavx
configure:5744: g++ -c  -O3 -fopenmp -I../include -march=native -fPIC -mcmodel=large  -mavx  conftest.cpp >&5
configure:5744: $? = 0
configure:5754: result: yes
configure:6092: checking for stdio.h
configure:6092: g++ -c  -O3 -fopenmp -I../include -march=native -fPIC -mcmodel=large -mavx  conftest.cpp >&5
configure:6092: $? = 0
configure:6092: result: yes
configure:6092: checking for stdlib.h
configure:6092: g++ -c  -O3 -fopenmp -I../include -march=native -fPIC -mcmodel=large -mavx  conftest.cpp >&5
configure:6092: $? = 0
configure:6092: result: yes
configure:6092: checking for string.h
configure:6092: g++ -c  -O3 -fopenmp -I../include -march=native -fPIC -mcmodel=large -mavx  conftest.cpp >&5
configure:6092: $? = 0
configure:6092: result: yes
configure:6092: checking for inttypes.h
configure:6092: g++ -c  -O3 -fopenmp -I../include -march=native -fPIC -mcmodel=large -mavx  conftest.cpp >&5
configure:6092: $? = 0
configure:6092: result: yes
configure:6092: checking for stdint.h
configure:6092: g++ -c  -O3 -fopenmp -I../include -march=native -fPIC -mcmodel=large -mavx  conftest.cpp >&5
configure:6092: $? = 0
configure:6092: result: yes
configure:6092: checking for strings.h
configure:6092: g++ -c  -O3 -fopenmp -I../include -march=native -fPIC -mcmodel=large -mavx  conftest.cpp >&5
configure:6092: $? = 0
configure:6092: result: yes
configure:6092: checking for sys/stat.h
configure:6092: g++ -c  -O3 -fopenmp -I../include -march=native -fPIC -mcmodel=large -mavx  conftest.cpp >&5
configure:6092: $? = 0
configure:6092: result: yes
configure:6092: checking for sys/types.h
configure:6092: g++ -c  -O3 -fopenmp -I../include -march=native -fPIC -mcmodel=large -mavx  conftest.cpp >&5
configure:6092: $? = 0
configure:6092: result: yes
configure:6092: checking for unistd.h
configure:6092: g++ -c  -O3 -fopenmp -I../include -march=native -fPIC -mcmodel=large -mavx  conftest.cpp >&5
configure:6092: $? = 0
configure:6092: result: yes
configure:6117: checking for stdlib.h
configure:6117: result: yes
configure:6123: checking for string.h
configure:6123: result: yes
configure:6129: checking for strings.h
configure:6129: result: yes
configure:6135: checking for sys/time.h
configure:6135: g++ -c  -O3 -fopenmp -I../include -march=native -fPIC -mcmodel=large -mavx  conftest.cpp >&5
configure:6135: $? = 0
configure:6135: result: yes
configure:6141: checking for unistd.h
configure:6141: result: yes
configure:6150: checking for _Bool
configure:6150: g++ -c  -O3 -fopenmp -I../include -march=native -fPIC -mcmodel=large -mavx  conftest.cpp >&5
conftest.cpp: In function 'int main()':
conftest.cpp:55:13: error: '_Bool' was not declared in this scope
   55 | if (sizeof (_Bool))
      |             ^~~~~
configure:6150: $? = 1
configure: failed program was:
| /* confdefs.h */
| #define PACKAGE_NAME "Nbody6++"
| #define PACKAGE_TARNAME "nbody6--"
| #define PACKAGE_VERSION "1.0"
| #define PACKAGE_STRING "Nbody6++ 1.0"
| #define PACKAGE_BUGREPORT "longwang.astro@gmail.com"
| #define PACKAGE_URL ""
| #define HAVE_STDIO_H 1
| #define HAVE_STDLIB_H 1
| #define HAVE_STRING_H 1
| #define HAVE_INTTYPES_H 1
| #define HAVE_STDINT_H 1
| #define HAVE_STRINGS_H 1
| #define HAVE_SYS_STAT_H 1
| #define HAVE_SYS_TYPES_H 1
| #define HAVE_UNISTD_H 1
| #define STDC_HEADERS 1
| #define HAVE_STDLIB_H 1
| #define HAVE_STRING_H 1
| #define HAVE_STRINGS_H 1
| #define HAVE_SYS_TIME_H 1
| #define HAVE_UNISTD_H 1
| /* end confdefs.h.  */
| #include <stddef.h>
| #ifdef HAVE_STDIO_H
| # include <stdio.h>
| #endif
| #ifdef HAVE_STDLIB_H
| # include <stdlib.h>
| #endif
| #ifdef HAVE_STRING_H
| # include <string.h>
| #endif
| #ifdef HAVE_INTTYPES_H
| # include <inttypes.h>
| #endif
| #ifdef HAVE_STDINT_H
| # include <stdint.h>
| #endif
| #ifdef HAVE_STRINGS_H
| # include <strings.h>
| #endif
| #ifdef HAVE_SYS_TYPES_H
| # include <sys/types.h>
| #endif
| #ifdef HAVE_SYS_STAT_H
| # include <sys/stat.h>
| #endif
| #ifdef HAVE_UNISTD_H
| # include <unistd.h>
| #endif
| int
| main (void)
| {
| if (sizeof (_Bool))
| 	 return 0;
|   ;
|   return 0;
| }
configure:6150: result: no
configure:6159: checking for stdbool.h that conforms to C99
configure:6275: g++ -c  -O3 -fopenmp -I../include -march=native -fPIC -mcmodel=large -mavx  conftest.cpp >&5
configure:6275: $? = 0
configure:6283: result: yes
configure:6286: checking for inline
configure:6303: g++ -c  -O3 -fopenmp -I../include -march=native -fPIC -mcmodel=large -mavx  conftest.cpp >&5
configure:6303: $? = 0
configure:6312: result: inline
configure:6330: checking for size_t
configure:6330: g++ -c  -O3 -fopenmp -I../include -march=native -fPIC -mcmodel=large -mavx  conftest.cpp >&5
configure:6330: $? = 0
configure:6330: g++ -c  -O3 -fopenmp -I../include -march=native -fPIC -mcmodel=large -mavx  conftest.cpp >&5
conftest.cpp: In function 'int main()':
conftest.cpp:55:20: error: expected primary-expression before ')' token
   55 | if (sizeof ((size_t)))
      |                    ^
configure:6330: $? = 1
configure: failed program was:
| /* confdefs.h */
| #define PACKAGE_NAME "Nbody6++"
| #define PACKAGE_TARNAME "nbody6--"
| #define PACKAGE_VERSION "1.0"
| #define PACKAGE_STRING "Nbody6++ 1.0"
| #define PACKAGE_BUGREPORT "longwang.astro@gmail.com"
| #define PACKAGE_URL ""
| #define HAVE_STDIO_H 1
| #define HAVE_STDLIB_H 1
| #define HAVE_STRING_H 1
| #define HAVE_INTTYPES_H 1
| #define HAVE_STDINT_H 1
| #define HAVE_STRINGS_H 1
| #define HAVE_SYS_STAT_H 1
| #define HAVE_SYS_TYPES_H 1
| #define HAVE_UNISTD_H 1
| #define STDC_HEADERS 1
| #define HAVE_STDLIB_H 1
| #define HAVE_STRING_H 1
| #define HAVE_STRINGS_H 1
| #define HAVE_SYS_TIME_H 1
| #define HAVE_UNISTD_H 1
| /* end confdefs.h.  */
| #include <stddef.h>
| #ifdef HAVE_STDIO_H
| # include <stdio.h>
| #endif
| #ifdef HAVE_STDLIB_H
| # include <stdlib.h>
| #endif
| #ifdef HAVE_STRING_H
| # include <string.h>
| #endif
| #ifdef HAVE_INTTYPES_H
| # include <inttypes.h>
| #endif
| #ifdef HAVE_STDINT_H
| # include <stdint.h>
| #endif
| #ifdef HAVE_STRINGS_H
| # include <strings.h>
| #endif
| #ifdef HAVE_SYS_TYPES_H
| # include <sys/types.h>
| #endif
| #ifdef HAVE_SYS_STAT_H
| # include <sys/stat.h>
| #endif
| #ifdef HAVE_UNISTD_H
| # include <unistd.h>
| #endif
| int
| main (void)
| {
| if (sizeof ((size_t)))
| 	    return 0;
|   ;
|   return 0;
| }
configure:6330: result: yes
configure:6342: checking for GNU libc compatible malloc
configure:6374: g++ -o conftest  -O3 -fopenmp -I../include -march=native -fPIC -mcmodel=large -mavx   conftest.cpp  -lstdc++ >&5
configure:6374: $? = 0
configure:6374: ./conftest
configure:6374: $? = 0
configure:6385: result: yes
configure:6407: checking for gettimeofday
configure:6407: g++ -o conftest  -O3 -fopenmp -I../include -march=native -fPIC -mcmodel=large -mavx   conftest.cpp  -lstdc++ >&5
configure:6407: $? = 0
configure:6407: result: yes
configure:6413: checking for memset
configure:6413: g++ -o conftest  -O3 -fopenmp -I../include -march=native -fPIC -mcmodel=large -mavx   conftest.cpp  -lstdc++ >&5
conftest.cpp:42:6: warning: declaration of 'char memset()' conflicts with built-in declaration 'void* memset(void*, int, long unsigned int)' [-Wbuiltin-declaration-mismatch]
   42 | char memset ();
      |      ^~~~~~
configure:6413: $? = 0
configure:6413: result: yes
configure:6419: checking for sqrt
configure:6419: g++ -o conftest  -O3 -fopenmp -I../include -march=native -fPIC -mcmodel=large -mavx   conftest.cpp  -lstdc++ >&5
conftest.cpp:43:6: warning: declaration of 'char sqrt()' conflicts with built-in declaration 'double sqrt(double)' [-Wbuiltin-declaration-mismatch]
   43 | char sqrt ();
      |      ^~~~
configure:6419: $? = 0
configure:6419: result: yes
configure:6425: checking for strchr
configure:6425: g++ -o conftest  -O3 -fopenmp -I../include -march=native -fPIC -mcmodel=large -mavx   conftest.cpp  -lstdc++ >&5
conftest.cpp:44:6: warning: declaration of 'char strchr()' conflicts with built-in declaration 'char* strchr(const char*, int)' [-Wbuiltin-declaration-mismatch]
   44 | char strchr ();
      |      ^~~~~~
configure:6425: $? = 0
configure:6425: result: yes
configure:7217: ----------------------Configure Summary--------------------
configure:7219: --Features:
configure:7221:      Using MPI:      no
configure:7223:      Using GPU:      no
configure:7225:      CUDA version:   
configure:7227:      Using SIMD:     avx
configure:7245:      mcmodel:        large
configure:7247:      OpenMP option:  -fopenmp
configure:7249:      Debug mode:     no
configure:7251:      HDF5 format:    no
configure:7253:      TT package:     no
configure:7255: --Compilers:
configure:7257:      C++ compiler:      g++
configure:7259:      Fortran compiler:  gfortran
configure:7261:      CUDA compiler:     
configure:7263: --Targets:
configure:7265:      Program name:   nbody6++.avx
configure:7267:      Extra tools:    no
configure:7269:      Install path:   NONE
configure:7271: --Parameters:
configure:7273:      NMAX:           1572864
configure:7275:      KMAX:           524288
configure:7277:      LMAX:           600
configure:7279:      MMAX:           2048
configure:7281: -----------------------------------------------------------
configure:7294: Reference paper: Wang, L., et al., 2015, MNRAS, 450, 4070 (http://arxiv.org/abs/1504.03687)
configure:7296: Email: Long Wang<longwang.astro@gmail.com>
configure:7298: -----------------------------------------------------------
configure:7445: creating ./config.status

## ---------------------- ##
## Running config.status. ##
## ---------------------- ##

This file was extended by Nbody6++ config.status 1.0, which was
generated by GNU Autoconf 2.71.  Invocation command line was

  CONFIG_FILES    = 
  CONFIG_HEADERS  = 
  CONFIG_LINKS    = 
  CONFIG_COMMANDS = 
  $ ./config.status 

on runnervmymu0l

config.status:748: creating Makefile
config.status:748: creating build/Makefile
config.status:748: creating include/params.h

## ---------------- ##
## Cache variables. ##
## ---------------- ##

ac_cv_build=x86_64-pc-linux-gnu
ac_cv_c_compiler_gnu=yes
ac_cv_c_inline=inline
ac_cv_cxx_compiler_gnu=yes
ac_cv_env_CCC_set=
ac_cv_env_CCC_value=
ac_cv_env_CC_set=
ac_cv_env_CC_value=
ac_cv_env_CFLAGS_set=
ac_cv_env_CFLAGS_value=
ac_cv_env_CPPFLAGS_set=
ac_cv_env_CPPFLAGS_value=
ac_cv_env_CXXFLAGS_set=
ac_cv_env_CXXFLAGS_value=
ac_cv_env_CXX_set=
ac_cv_env_CXX_value=
ac_cv_env_FCFLAGS_set=
ac_cv_env_FCFLAGS_value=
ac_cv_env_FC_set=
ac_cv_env_FC_value=
ac_cv_env_LDFLAGS_set=
ac_cv_env_LDFLAGS_value=
ac_cv_env_LIBS_set=
ac_cv_env_LIBS_value=
ac_cv_env_build_alias_set=
ac_cv_env_build_alias_value=
ac_cv_env_host_alias_set=
ac_cv_env_host_alias_value=
ac_cv_env_target_alias_set=
ac_cv_env_target_alias_value=
ac_cv_fc_compiler_gnu=yes
ac_cv_file__proc_cpuinfo=yes
ac_cv_func_gettimeofday=yes
ac_cv_func_malloc_0_nonnull=yes
ac_cv_func_memset=yes
ac_cv_func_sqrt=yes
ac_cv_func_strchr=yes
ac_cv_header_inttypes_h=yes
ac_cv_header_stdbool_h=yes
ac_cv_header_stdint_h=yes
ac_cv_header_stdio_h=yes
ac_cv_header_stdlib_h=yes
ac_cv_header_string_h=yes
ac_cv_header_strings_h=yes
ac_cv_header_sys_stat_h=yes
ac_cv_header_sys_time_h=yes
ac_cv_header_sys_types_h=yes
ac_cv_header_unistd_h=yes
ac_cv_host=x86_64-pc-linux-gnu
ac_cv_lib_stdcpp_main=yes
ac_cv_objext=o
ac_cv_path_GREP=/usr/bin/grep
ac_cv_prog_ac_ct_CC=gcc
ac_cv_prog_ac_ct_CXX=g++
ac_cv_prog_ac_ct_FC=gfortran
ac_cv_prog_cc_c11=
ac_cv_prog_cc_g=yes
ac_cv_prog_cc_stdc=
ac_cv_prog_cxx_cxx11=
ac_cv_prog_cxx_g=yes
ac_cv_prog_cxx_openmp=-fopenmp
ac_cv_prog_cxx_stdcxx=
ac_cv_prog_fc_g=yes
ac_cv_prog_fc_openmp=-fopenmp
ac_cv_type__Bool=no
ac_cv_type_size_t=yes
ax_cv_check_cxxflags___fPIC=yes
ax_cv_check_cxxflags___march_native=yes
ax_cv_check_cxxflags___mavx=yes
ax_cv_check_cxxflags___mcmodel_large=yes
ax_cv_check_fcflags___fPIC=yes
ax_cv_check_fcflags___mcmodel_large=yes

## ----------------- ##
## Output variables. ##
## ----------------- ##

AWK=''
CC='gcc'
CFLAGS='-g -O2'
CPPFLAGS=''
CUFLAGS=''
CXX='g++'
CXXFLAGS=' -O3 -fopenmp -I../include -march=native -fPIC -mcmodel=large -mavx ${OMP_FLAGS}'
DEFS='-DPACKAGE_NAME=\"Nbody6++\" -DPACKAGE_TARNAME=\"nbody6--\" -DPACKAGE_VERSION=\"1.0\" -DPACKAGE_STRING=\"Nbody6++\ 1.0\" -DPACKAGE_BUGREPORT=\"longwang.astro@gmail.com\" -DPACKAGE_URL=\"\" -DHAVE_STDIO_H=1 -DHAVE_STDLIB_H=1 -DHAVE_STRING_H=1 -DHAVE_INTTYPES_H=1 -DHAVE_STDINT_H=1 -DHAVE_STRINGS_H=1 -DHAVE_SYS_STAT_H=1 -DHAVE_SYS_TYPES_H=1 -DHAVE_UNISTD_H=1 -DSTDC_HEADERS=1 -DHAVE_STDLIB_H=1 -DHAVE_STRING_H=1 -DHAVE_STRINGS_H=1 -DHAVE_SYS_TIME_H=1 -DHAVE_UNISTD_H=1 -DHAVE_MALLOC=1 -DHAVE_GETTIMEOFDAY=1 -DHAVE_MEMSET=1 -DHAVE_SQRT=1 -DHAVE_STRCHR=1'
ECHO_C=''
ECHO_N='-n'
ECHO_T=''
EXEEXT=''
EXTRAOBJ=' ${AVX_OBJECTS}'
EXTRARESULT=''
EXTRASRC=' $(GPU_FSOURCES)'
FC='gfortran'
FCFLAGS=' -I../extra_inc/nompi -O3 -fPIC -mcmodel=large -fopenmp -I../include ${SIMD_FLAGS} $(GPU_FLAGS) ${OMP_FLAGS}'
GREP='/usr/bin/grep'
KMAX='524288'
LDFLAGS=''
LIBOBJS=''
LIBS=' -lstdc++'
LMAX='600'
LTLIBOBJS=''
MMAX='2048'
MPI_FLAGS=''
NMAX='1572864'
NVCC=''
OBJEXT='o'
OPENMP_CXXFLAGS='-fopenmp'
OPENMP_FCFLAGS='-fopenmp'
PACKAGE_BUGREPORT='longwang.astro@gmail.com'
PACKAGE_NAME='Nbody6++'
PACKAGE_STRING='Nbody6++ 1.0'
PACKAGE_TARNAME='nbody6--'
PACKAGE_URL=''
PACKAGE_VERSION='1.0'
PATH_SEPARATOR=':'
RESULT='.avx'
SED=''
SHELL='/bin/bash'
ac_ct_CC='gcc'
ac_ct_CXX='g++'
ac_ct_FC='gfortran'
bindir='${exec_prefix}/bin'
build='x86_64-pc-linux-gnu'
build_alias=''
build_cpu='x86_64'
build_os='linux-gnu'
build_vendor='pc'
datadir='${datarootdir}'
datarootdir='${prefix}/share'
docdir='${datarootdir}/doc/${PACKAGE_TARNAME}'
dvidir='${docdir}'
exec_prefix='${prefix}'
host='x86_64-pc-linux-gnu'
host_alias=''
host_cpu='x86_64'
host_os='linux-gnu'
host_vendor='pc'
htmldir='${docdir}'
includedir='${prefix}/include'
infodir='${datarootdir}/info'
libdir='${exec_prefix}/lib'
libexecdir='${exec_prefix}/libexec'
localedir='${datarootdir}/locale'
localstatedir='${prefix}/var'
mandir='${datarootdir}/man'
oldincludedir='/usr/include'
pdfdir='${docdir}'
prefix='/usr/local'
program_transform_name='s,x,x,'
psdir='${docdir}'
runstatedir='${localstatedir}/run'
sbindir='${exec_prefix}/sbin'
sharedstatedir='${prefix}/com'
sysconfdir='${prefix}/etc'
target_alias=''

## ----------- ##
## confdefs.h. ##
## ----------- ##

/* confdefs.h */
#define PACKAGE_NAME "Nbody6++"
#define PACKAGE_TARNAME "nbody6--"
#define PACKAGE_VERSION "1.0"
#define PACKAGE_STRING "Nbody6++ 1.0"
#define PACKAGE_BUGREPORT "longwang.astro@gmail.com"
#define PACKAGE_URL ""
#define HAVE_STDIO_H 1
#define HAVE_STDLIB_H 1
#define HAVE_STRING_H 1
#define HAVE_INTTYPES_H 1
#define HAVE_STDINT_H 1
#define HAVE_STRINGS_H 1
#define HAVE_SYS_STAT_H 1
#define HAVE_SYS_TYPES_H 1
#define HAVE_UNISTD_H 1
#define STDC_HEADERS 1
#define HAVE_STDLIB_H 1
#define HAVE_STRING_H 1
#define HAVE_STRINGS_H 1
#define HAVE_SYS_TIME_H 1
#define HAVE_UNISTD_H 1
#define HAVE_MALLOC 1
#define HAVE_GETTIMEOFDAY 1
#define HAVE_MEMSET 1
#define HAVE_SQRT 1
#define HAVE_STRCHR 1

configure: exit 0
